################################################################################
#                                                                              #
#      IAR Universal Linker V6.5.2.97                                          #
#                                                                              #
#           Link time     =  29/Jul/2018  11:01:09                             #
#           Target CPU    =  x51                                               #
#           List file     =  M:\som\IAR\som\Debug\List\speedometer.map         #
#           Output file 1 =  M:\som\IAR\som\Debug\Exe\speedometer.sim          #
#                            Format: simple-code                               #
#           Output file 2 =  M:\som\IAR\som\Debug\Exe\speedometer.hex          #
#                            Format: intel-extended, variant: -Y2              #
#           Output file 3 =  M:\som\IAR\som\Debug\Exe\speedometer.d51          #
#                            Format: ubrof10                                   #
#                            UBROF version 10.0.6                              #
#                            Using library modules for C-SPY (-rt)             #
#           Command line  =  -f                                                #
#                            C:\Users\gabbla\AppData\Local\Temp\EW39F2.tmp     #
#                            ("C:\Texas Instruments\BLE-CC254x-1.4.2.2\Project #
#                            s\ble\Libraries\CC2541DB\bin\CC2541_BLE_peri.lib" #
#                            "C:\Texas Instruments\BLE-CC254x-1.4.2.2\Projects #
#                            \ble\Libraries\Common\bin\CC254x_BLE_HCI_TL_None. #
#                            lib"                                              #
#                            M:\som\IAR\som\Debug\Obj\devinfoservice.r51       #
#                            M:\som\IAR\som\Debug\Obj\gap.r51                  #
#                            M:\som\IAR\som\Debug\Obj\gapbondmgr.r51           #
#                            M:\som\IAR\som\Debug\Obj\gatt_uuid.r51            #
#                            M:\som\IAR\som\Debug\Obj\hal_aes.r51              #
#                            M:\som\IAR\som\Debug\Obj\hal_crc.r51              #
#                            M:\som\IAR\som\Debug\Obj\hal_dma.r51              #
#                            M:\som\IAR\som\Debug\Obj\hal_drivers.r51          #
#                            M:\som\IAR\som\Debug\Obj\hal_flash.r51            #
#                            M:\som\IAR\som\Debug\Obj\hal_keys.r51             #
#                            M:\som\IAR\som\Debug\Obj\hal_led.r51              #
#                            M:\som\IAR\som\Debug\Obj\hal_sleep.r51            #
#                            M:\som\IAR\som\Debug\Obj\hal_startup.r51          #
#                            M:\som\IAR\som\Debug\Obj\hal_timer.r51            #
#                            M:\som\IAR\som\Debug\Obj\main.r51                 #
#                            M:\som\IAR\som\Debug\Obj\npi.r51                  #
#                            M:\som\IAR\som\Debug\Obj\oad_target.r51           #
#                            M:\som\IAR\som\Debug\Obj\OSAL.r51                 #
#                            M:\som\IAR\som\Debug\Obj\osal_bufmgr.r51          #
#                            M:\som\IAR\som\Debug\Obj\osal_cbtimer.r51         #
#                            M:\som\IAR\som\Debug\Obj\OSAL_ClockBLE.r51        #
#                            M:\som\IAR\som\Debug\Obj\OSAL_Memory.r51          #
#                            M:\som\IAR\som\Debug\Obj\OSAL_PwrMgr.r51          #
#                            M:\som\IAR\som\Debug\Obj\osal_snv.r51             #
#                            M:\som\IAR\som\Debug\Obj\OSAL_speedometer.r51     #
#                            M:\som\IAR\som\Debug\Obj\OSAL_Timers.r51          #
#                            M:\som\IAR\som\Debug\Obj\peripheral.r51           #
#                            -e_large_write=_formatted_write                   #
#                            -e_large_read=_formatted_read -o                  #
#                            M:\som\IAR\som\Debug\Exe\speedometer.d51 -l       #
#                            M:\som\IAR\som\Debug\List\speedometer.map -xmsn   #
#                            -f                                                #
#                            "C:\Texas Instruments\BLE-CC254x-1.4.2.2\Projects #
#                            \ble\common\cc2540\cc254x_f256_ebl.xcl"           #
#                            (-D_XDATA_BEG=0x0000 -D_XDATA_END=0x1EFF          #
#                            -D_IDATA_BEG=0x08 -D_IDATA_END=0xFF               #
#                            -D_CODE_BEG=0x0830 -D_CODE_END=0x7FFF             #
#                            -D_BANK1_BEG=0x18000 -D_BANK1_END=0x1FFFF         #
#                            -D_BANK2_BEG=0x28000 -D_BANK2_END=0x2FFFF         #
#                            -D_BANK3_BEG=0x38000 -D_BANK3_END=0x3FFFF         #
#                            -D_BANK4_BEG=0x48000 -D_BANK4_END=0x4FFFF         #
#                            -D_BANK5_BEG=0x58000 -D_BANK5_END=0x5FFFF         #
#                            -D_BANK6_BEG=0x68000 -D_BANK6_END=0x6FFFF         #
#                            -D_BANK7_BEG=0x78000 -D_BANK7_END=0x7E7FF         #
#                            -D?REGISTER_BANK=0 -D_REGISTER_BANK_BEG=0         #
#                            -D?PBANK_NUMBER=00 -D_BREG_BEG=0x00 -D?VB=0x20    #
#                            -Z(BIT)BREG=_BREG_BEG -Z(BIT)BIT_N=0-7F           #
#                            -Z(DATA)REGISTERS+8=_REGISTER_BANK_BEG            #
#                            -Z(DATA)BDATA_Z,BDATA_N,BDATA_I=20-2F             #
#                            -Z(DATA)VREG=_IDATA_BEG-7F                        #
#                            -Z(DATA)PSP,XSP=_IDATA_BEG-7F                     #
#                            -Z(DATA)DOVERLAY=_IDATA_BEG-7F                    #
#                            -Z(DATA)DATA_I,DATA_Z,DATA_N=_IDATA_BEG-7F        #
#                            -U(IDATA)0-7F=(DATA)0-7F                          #
#                            -Z(IDATA)IDATA_I,IDATA_Z,IDATA_N=_IDATA_BEG-_IDAT #
#                            A_END                                             #
#                            -Z(IDATA)ISTACK+_IDATA_STACK_SIZE#_IDATA_BEG-_IDA #
#                            TA_END                                            #
#                            -Z(IDATA)IOVERLAY=_IDATA_BEG-FF                   #
#                            -Z(CODE)IMAGE_HEADER=0x800-0x80F                  #
#                            -Z(CODE)AES_HEADER=0x810-0x82F                    #
#                            -Z(CODE)INTVEC=_CODE_BEG-_CODE_END                #
#                            -Z(CODE)BIT_ID,BDATA_ID,DATA_ID,IDATA_ID,IXDATA_I #
#                            D,PDATA_ID,XDATA_ID=_CODE_BEG-_CODE_END           #
#                            -Z(CODE)CSTART,RCODE,DIFUNCT,NEAR_CODE=_CODE_BEG- #
#                            _CODE_END                                         #
#                            -Z(CODE)BANK_RELAYS=_CODE_BEG-_CODE_END           #
#                            -D_SLEEP_CODE_SPACE_START=(_CODE_END-7)           #
#                            -D_SLEEP_CODE_SPACE_END=(_CODE_END)               #
#                            -Z(CODE)SLEEP_CODE=_SLEEP_CODE_SPACE_START-_SLEEP #
#                            _CODE_SPACE_END                                   #
#                            -Z(CODE)CODE_C=_CODE_BEG-_CODE_END                #
#                            -P(CONST)XDATA_ROM_C=0x8000-0xFFFF                #
#                            -P(CODE)XDATA_ROM_C_FLASH=_BANK1_BEG-_BANK1_END   #
#                            -QXDATA_ROM_C=XDATA_ROM_C_FLASH                   #
#                            -Z(CODE)ALIGNED_CODE|2=_CODE_BEG-_CODE_END,_BANK1 #
#                            _BEG-_BANK1_END,_BANK2_BEG-_BANK2_END,_BANK3_BEG- #
#                            _BANK3_END,_BANK4_BEG-_BANK4_END,_BANK5_BEG-_BANK #
#                            5_END,_BANK6_BEG-_BANK6_END,_BANK7_BEG-_BANK7_END #
#                            -P(CODE)BANKED_CODE=_CODE_BEG-_CODE_END,_BANK1_BE #
#                            G-_BANK1_END,_BANK2_BEG-_BANK2_END,_BANK3_BEG-_BA #
#                            NK3_END,_BANK4_BEG-_BANK4_END,_BANK5_BEG-_BANK5_E #
#                            ND,_BANK6_BEG-_BANK6_END,_BANK7_BEG-_BANK7_END    #
#                            -Z(XDATA)XSTACK+_XDATA_STACK_SIZE=_XDATA_BEG-_XDA #
#                            TA_END                                            #
#                            -Z(XDATA)XDATA_Z,XDATA_I,PDATA_Z=_XDATA_BEG-_XDAT #
#                            A_END                                             #
#                            -P(XDATA)XDATA_N=_XDATA_BEG-_XDATA_END -cx51      #
#                            -D_FIRST_BANK_ADDR=0x10000                        #
#                            -M(CODE)[(_CODEBANK_START+_FIRST_BANK_ADDR)-(_COD #
#                            EBANK_END+_FIRST_BANK_ADDR)]*_NR_OF_BANKS+0x10000 #
#                            =0x8000                                           #
#                            -ww69=i -we18=i -HFFFF)                           #
#                            "-IC:\Program Files (x86)\IAR Systems\Embedded Wo #
#                            rkbench 8.0\8051\CONFIG\"                         #
#                            -D_NR_OF_VIRTUAL_REGISTERS=10 -D?PBANK=0x93       #
#                            -D?CBANK=0x9F -D?CBANK_MASK=0xFF                  #
#                            -e?BCALL_FF=?BCALL -e?BRET_FF=?BRET               #
#                            -e?BDISPATCH_FF=?BDISPATCH                        #
#                            -D_CODEBANK_START=0x8000 -D_CODEBANK_END=0xFFFF   #
#                            -D_NR_OF_BANKS=0x07 -rt                           #
#                            -Osimple-code=M:\som\IAR\som\Debug\Exe\speedomete #
#                            r.sim                                             #
#                            -s __program_start                                #
#                            "C:\Program Files (x86)\IAR Systems\Embedded Work #
#                            bench 8.0\8051\LIB\CLIB\cl-pli-blxd-1e16x01.r51"  #
#                            -D_IDATA_STACK_SIZE=0xC0 -D?ESP=0 -D?ESP_MASK=0   #
#                            -D_EXTENDED_STACK_START=0                         #
#                            -D_EXTENDED_STACK_SIZE=0                          #
#                            -D_PDATA_STACK_SIZE=0x00                          #
#                            -D_XDATA_STACK_SIZE=0x280                         #
#                            -D_XDATA_HEAP_SIZE=0xFF -D_FAR_HEAP_SIZE=0xFFF    #
#                            -D_HUGE_HEAP_SIZE=0xFFF -Ointel-extended,2=.hex   #
#                            -D_FAR22_HEAP_SIZE=0xFFF)                         #
#                                                                              #
#                           Copyright (C) 1987-2017 IAR Systems AB.            #
################################################################################





                ****************************************
                *                                      *
                *           CROSS REFERENCE            *
                *                                      *
                ****************************************

       Program entry at : CODE      00000951  Relocatable, from module : CSTARTUP




                ****************************************
                *                                      *
                *            RUNTIME MODEL             *
                *                                      *
                ****************************************

  __SystemLibrary          = CLib
  __calling_convention     = xdata_reentrant
  __code_model             = banked
  __core                   = plain
  __data_model             = large
  __dptr_size              = 16
  __extended_stack         = disabled
  __location_for_constants = data
  __number_of_dptrs        = 1
  __register_banks         = *
  __rt_version             = 1

                ****************************************
                *                                      *
                *    AUTOMATIC SYMBOL REDIRECTIONS     *
                *                                      *
                ****************************************

                  There are no automatic symbol redirections.



                ****************************************
                *                                      *
                *              MODULE MAP              *
                *                                      *
                ****************************************


  DEFINED ABSOLUTE ENTRIES
  PROGRAM MODULE, NAME : ?ABS_ENTRY_MOD

Absolute parts
           ENTRY                   ADDRESS         REF BY
           =====                   =======         ======
           _FAR22_HEAP_SIZE        00000FFF 
           _HUGE_HEAP_SIZE         00000FFF 
           _FAR_HEAP_SIZE          00000FFF 
           _XDATA_HEAP_SIZE        000000FF 
           _XDATA_STACK_SIZE       00000280 
           _PDATA_STACK_SIZE       00000000 
           _EXTENDED_STACK_SIZE    00000000 
           _EXTENDED_STACK_START   00000000 
           ?ESP_MASK               00000000 
           ?ESP                    00000000 
           _IDATA_STACK_SIZE       000000C0 
           _NR_OF_BANKS            00000007 
           _CODEBANK_END           0000FFFF 
           _CODEBANK_START         00008000 
           ?CBANK_MASK             000000FF 
           ?CBANK                  0000009F        ?RESET_CODE_BANK (CSTARTUP)
                                                   Segment part 0 (?BANKED_CODE_SUPPORT)
           ?PBANK                  00000093 
           _NR_OF_VIRTUAL_REGISTERS
                                   00000010 
           _FIRST_BANK_ADDR        00010000 
           _SLEEP_CODE_SPACE_END   00007FFF 
           _SLEEP_CODE_SPACE_START
                                   00007FF8 
           ?VB                     00000020        ?BANKED_ENTER_XDATA (?BANKED_ENTER_XDATA)
                                                   ?BANKED_LEAVE_XDATA (?BANKED_LEAVE_XDATA)
                                                   ?FUNC_ENTER_XDATA (?FUNC_ENTER_XDATA)
                                                   ?FUNC_LEAVE_XDATA (?FUNC_LEAVE_XDATA)
                                                   ?INTERRUPT_ENTER_XSP (?INTERRUPT_ENTER_XSP)
                                                   ?INTERRUPT_LEAVE_XSP (?INTERRUPT_LEAVE_XSP)
           _BREG_BEG               00000000 
           ?PBANK_NUMBER           00000000 
           _REGISTER_BANK_BEG      00000000 
           ?REGISTER_BANK          00000000        Segment part 6 (CSTARTUP)
           _BANK7_END              0003E7FF 
           _BANK7_BEG              00038000 
           _BANK6_END              00037FFF 
           _BANK6_BEG              00030000 
           _BANK5_END              0002FFFF 
           _BANK5_BEG              00028000 
           _BANK4_END              00027FFF 
           _BANK4_BEG              00020000 
           _BANK3_END              0001FFFF 
           _BANK3_BEG              00018000 
           _BANK2_END              00017FFF 
           _BANK2_BEG              00010000 
           _BANK1_END              0000FFFF 
           _BANK1_BEG              00008000 
           _CODE_END               00007FFF 
           _CODE_BEG               00000830 
           _IDATA_END              000000FF 
           _IDATA_BEG              00000008 
           _XDATA_END              00001EFF 
           _XDATA_BEG              00000000 
    *************************************************************************

  FILE NAME : C:\Texas Instruments\BLE-CC254x-1.4.2.2\Projects\ble\Libraries\CC2541DB\bin\CC2541_BLE_peri.lib
  LIBRARY MODULE, NAME : gap_configmgr

  SEGMENTS IN THE MODULE
  ======================
<XDATA_ROM_C> 1 (was XDATA_ROM_C)
  Relative segment, address: CONST 0000807A - 0000807D (0x4 bytes), align: 0
  Segment part 17.            Intra module refs:   LL_ENC_Decrypt (ll_enc)
                                                   LL_ENC_Encrypt (ll_enc)
                                                   llFindStartType (ll_scheduler)
                                                   llSetupNextSlaveEvent (ll_slaveEndCauses)
           ENTRY                   ADDRESS         REF BY
           =====                   =======         ======
           __Constant_1            0000807A 
    -------------------------------------------------------------------------
<XDATA_ROM_C_FLASH> 1 (was XDATA_ROM_C_FLASH)
  Relative segment, address: CODE 0000807A - 0000807D (0x4 bytes), align: 0
  Segment part 66.            Intra module refs:   __Constant_1

    -------------------------------------------------------------------------
  LIBRARY MODULE, NAME : gap_linkmgr

  SEGMENTS IN THE MODULE
  ======================
<XDATA_ROM_C> 1 (was XDATA_ROM_C)
  Relative segment, address: CONST 00008076 - 00008079 (0x4 bytes), align: 0
  Segment part 15.            Intra module refs:   llScheduler (ll_scheduler)
           ENTRY                   ADDRESS         REF BY
           =====                   =======         ======
           __Constant_a            00008076 
    -------------------------------------------------------------------------
<XDATA_ROM_C_FLASH> 1 (was XDATA_ROM_C_FLASH)
  Relative segment, address: CODE 00008076 - 00008079 (0x4 bytes), align: 0
  Segment part 122.           Intra module refs:   __Constant_a

    -------------------------------------------------------------------------
  LIBRARY MODULE, NAME : hci

  SEGMENTS IN THE MODULE
  ======================
XDATA_Z
  Relative segment, address: XDATA 00000280 - 00000280 (0x1 bytes), align: 0
  Segment part 8.
           ENTRY                   ADDRESS         REF BY
           =====                   =======         ======
           hciPTMenabled           00000280        HCI_CommandCompleteEvent (hci_event)
                                                   HCI_VendorSpecifcCommandCompleteEvent (hci_event_PATCH)
    -------------------------------------------------------------------------
XDATA_Z
  Relative segment, address: XDATA 00000281 - 00000281 (0x1 bytes), align: 0
  Segment part 9.
           ENTRY                   ADDRESS         REF BY
           =====                   =======         ======
           ctrlToHostEnable        00000281        LL_RxDataCompleteCback (hci_data_PATCH)
    -------------------------------------------------------------------------
XDATA_Z
  Relative segment, address: XDATA 00000282 - 00000283 (0x2 bytes), align: 0
  Segment part 10.
           ENTRY                   ADDRESS         REF BY
           =====                   =======         ======
           numHostBufs             00000282        LL_RxDataCompleteCback (hci_data_PATCH)
    -------------------------------------------------------------------------
<BANKED_CODE> 1 (was BANKED_CODE)
  Relative segment, address: CODE 00007ACC - 00007ACE (0x3 bytes), align: 0
  Segment part 112.           Intra module refs:   LL_RandCback
    -------------------------------------------------------------------------
<BANKED_CODE> 1 (was BANKED_CODE)
  Relative segment, address: CODE 00007ACF - 00007AD3 (0x5 bytes), align: 0
  Segment part 113.           Intra module refs:   Segment part 112
    -------------------------------------------------------------------------
<BANKED_CODE> 1 (was BANKED_CODE)
  Relative segment, address: CODE 00007AD4 - 00007AD6 (0x3 bytes), align: 0
  Segment part 129.           Intra module refs:   Segment part 161
    -------------------------------------------------------------------------
<BANKED_CODE> 1 (was BANKED_CODE)
  Relative segment, address: CODE 00007AD7 - 00007ADD (0x7 bytes), align: 0
  Segment part 130.           Intra module refs:   Segment part 129
    -------------------------------------------------------------------------
<BANKED_CODE> 1 (was BANKED_CODE)
  Relative segment, address: CODE 00007ADE - 00007AE1 (0x4 bytes), align: 0
  Segment part 134.           Intra module refs:   LL_EXT_ExtendRfRangeCback
                                                   LL_EXT_SetRxGainCback
                                                   LL_EXT_SetTxPowerCback
    -------------------------------------------------------------------------
<BANKED_CODE> 1 (was BANKED_CODE)
  Relative segment, address: CODE 00007AE2 - 00007AE9 (0x8 bytes), align: 0
  Segment part 135.           Intra module refs:   Segment part 134
    -------------------------------------------------------------------------
<BANKED_CODE> 1 (was BANKED_CODE)
  Relative segment, address: CODE 00007AEA - 00007AEE (0x5 bytes), align: 0
  Segment part 161.           Intra module refs:   Segment part 179
    -------------------------------------------------------------------------
<BANKED_CODE> 1 (was BANKED_CODE)
  Relative segment, address: CODE 00007AEF - 00007B31 (0x43 bytes), align: 0
  Segment part 175.           Intra module refs:   LL_RandCback::?relay
           ENTRY                   ADDRESS         REF BY
           =====                   =======         ======
           LL_RandCback            00007AEF 
               calls direct
               XSTACK = 00000000 ( 00000015 )
    -------------------------------------------------------------------------
<BANKED_CODE> 1 (was BANKED_CODE)
  Relative segment, address: CODE 00007B32 - 00007B53 (0x22 bytes), align: 0
  Segment part 177.           Intra module refs:   LL_EXT_SetRxGainCback::?relay
           ENTRY                   ADDRESS         REF BY
           =====                   =======         ======
           LL_EXT_SetRxGainCback   00007B32 
               calls direct
               XSTACK = 00000000 ( 00000003 )
               ISTACK = 00000000 ( 00000002 )
    -------------------------------------------------------------------------
<BANKED_CODE> 1 (was BANKED_CODE)
  Relative segment, address: CODE 00007B54 - 00007B5B (0x8 bytes), align: 0
  Segment part 179.           Intra module refs:   LL_EXT_ExtendRfRangeCback
                                                   LL_EXT_SetRxGainCback
                                                   LL_EXT_SetTxPowerCback
    -------------------------------------------------------------------------
<BANKED_CODE> 1 (was BANKED_CODE)
  Relative segment, address: CODE 00007B5C - 00007B80 (0x25 bytes), align: 0
  Segment part 180.           Intra module refs:   LL_EXT_SetTxPowerCback::?relay
           ENTRY                   ADDRESS         REF BY
           =====                   =======         ======
           LL_EXT_SetTxPowerCback
                                   00007B5C 
               calls direct
               XSTACK = 00000000 ( 00000003 )
               ISTACK = 00000000 ( 00000002 )
    -------------------------------------------------------------------------
<BANKED_CODE> 1 (was BANKED_CODE)
  Relative segment, address: CODE 00007B81 - 00007BA8 (0x28 bytes), align: 0
  Segment part 185.           Intra module refs:   LL_EXT_ExtendRfRangeCback::?relay
           ENTRY                   ADDRESS         REF BY
           =====                   =======         ======
           LL_EXT_ExtendRfRangeCback
                                   00007B81 
               calls direct
               XSTACK = 00000000 ( 00000003 )
               ISTACK = 00000000 ( 00000002 )
    -------------------------------------------------------------------------
BANK_RELAYS
  Relative segment, address: CODE 0000194B - 00001950 (0x6 bytes), align: 0
  Segment part 176.
           ENTRY                   ADDRESS         REF BY
           =====                   =======         ======
           LL_RandCback::?relay    0000194B        llProcessPostRfOps (ll_common)
    -------------------------------------------------------------------------
BANK_RELAYS
  Relative segment, address: CODE 00001951 - 00001956 (0x6 bytes), align: 0
  Segment part 178.
           ENTRY                   ADDRESS         REF BY
           =====                   =======         ======
           LL_EXT_SetRxGainCback::?relay
                                   00001951        llProcessPostRfOps (ll_common)
    -------------------------------------------------------------------------
BANK_RELAYS
  Relative segment, address: CODE 00001957 - 0000195C (0x6 bytes), align: 0
  Segment part 181.
           ENTRY                   ADDRESS         REF BY
           =====                   =======         ======
           LL_EXT_SetTxPowerCback::?relay
                                   00001957        llProcessPostRfOps (ll_common)
    -------------------------------------------------------------------------
BANK_RELAYS
  Relative segment, address: CODE 0000195D - 00001962 (0x6 bytes), align: 0
  Segment part 186.
           ENTRY                   ADDRESS         REF BY
           =====                   =======         ======
           LL_EXT_ExtendRfRangeCback::?relay
                                   0000195D        llProcessPostRfOps (ll_common)

    -------------------------------------------------------------------------
  LIBRARY MODULE, NAME : hci_data_PATCH

  SEGMENTS IN THE MODULE
  ======================
<BANKED_CODE> 1 (was BANKED_CODE)
  Relative segment, address: CODE 000077DF - 000078CA (0xec bytes), align: 0
  Segment part 6.             Intra module refs:   LL_RxDataCompleteCback::?relay
           ENTRY                   ADDRESS         REF BY
           =====                   =======         ======
           LL_RxDataCompleteCback
                                   000077DF 
               calls direct
               XSTACK = 00000002 ( 0000000E )
               ISTACK = 00000000 ( 00000001 )
    -------------------------------------------------------------------------
<BANKED_CODE> 1 (was BANKED_CODE)
  Relative segment, address: CODE 000078CB - 000078CE (0x4 bytes), align: 0
  Segment part 8.             Intra module refs:   LL_RxDataCompleteCback
    -------------------------------------------------------------------------
<BANKED_CODE> 1 (was BANKED_CODE)
  Relative segment, address: CODE 000078CF - 000078DC (0xe bytes), align: 0
  Segment part 9.             Intra module refs:   Segment part 12
                                                   Segment part 8
    -------------------------------------------------------------------------
<BANKED_CODE> 1 (was BANKED_CODE)
  Relative segment, address: CODE 000078DD - 000078E1 (0x5 bytes), align: 0
  Segment part 10.            Intra module refs:   LL_RxDataCompleteCback
    -------------------------------------------------------------------------
<BANKED_CODE> 1 (was BANKED_CODE)
  Relative segment, address: CODE 000078E2 - 000078EB (0xa bytes), align: 0
  Segment part 11.            Intra module refs:   LL_RxDataCompleteCback
                                                   Segment part 10
    -------------------------------------------------------------------------
<BANKED_CODE> 1 (was BANKED_CODE)
  Relative segment, address: CODE 000078EC - 000078F2 (0x7 bytes), align: 0
  Segment part 12.            Intra module refs:   LL_RxDataCompleteCback
    -------------------------------------------------------------------------
BANK_RELAYS
  Relative segment, address: CODE 00001963 - 00001968 (0x6 bytes), align: 0
  Segment part 7.
           ENTRY                   ADDRESS         REF BY
           =====                   =======         ======
           LL_RxDataCompleteCback::?relay
                                   00001963        llProcessRxData (ll_common)

    -------------------------------------------------------------------------
  LIBRARY MODULE, NAME : hci_event

  SEGMENTS IN THE MODULE
  ======================
XDATA_Z
  Relative segment, address: XDATA 00000284 - 00000284 (0x1 bytes), align: 0
  Segment part 6.             Intra module refs:   LL_EncLtkReqCback
           ENTRY                   ADDRESS         REF BY
           =====                   =======         ======
           bleEvtMask              00000284        LL_ConnParamUpdateCback (hci_event_PATCH)
    -------------------------------------------------------------------------
XDATA_Z
  Relative segment, address: XDATA 00000285 - 0000028C (0x8 bytes), align: 0
  Segment part 7.             Intra module refs:   LL_DisconnectCback
                                                   LL_EncChangeCback
                                                   LL_EncKeyRefreshCback
                                                   LL_EncLtkReqCback
                                                   LL_ReadRemoteVersionInfoCback
           ENTRY                   ADDRESS         REF BY
           =====                   =======         ======
           pHciEvtMask             00000285        LL_ConnParamUpdateCback (hci_event_PATCH)
    -------------------------------------------------------------------------
<BANKED_CODE> 1 (was BANKED_CODE)
  Relative segment, address: CODE 0000613F - 00006221 (0xe3 bytes), align: 0
  Segment part 11.            Intra module refs:   HCI_CommandCompleteEvent::?relay
           ENTRY                   ADDRESS         REF BY
           =====                   =======         ======
           HCI_CommandCompleteEvent
                                   0000613F 
               calls direct
               XSTACK = 00000003 ( 00000014 )
    -------------------------------------------------------------------------
<BANKED_CODE> 1 (was BANKED_CODE)
  Relative segment, address: CODE 00006222 - 0000622E (0xd bytes), align: 0
  Segment part 18.            Intra module refs:   LL_DisconnectCback
    -------------------------------------------------------------------------
<BANKED_CODE> 1 (was BANKED_CODE)
  Relative segment, address: CODE 0000622F - 00006232 (0x4 bytes), align: 0
  Segment part 19.            Intra module refs:   Segment part 18
    -------------------------------------------------------------------------
<BANKED_CODE> 1 (was BANKED_CODE)
  Relative segment, address: CODE 00006233 - 00006240 (0xe bytes), align: 0
  Segment part 20.            Intra module refs:   Segment part 19
                                                   Segment part 71
    -------------------------------------------------------------------------
<BANKED_CODE> 1 (was BANKED_CODE)
  Relative segment, address: CODE 00006241 - 0000635E (0x11e bytes), align: 0
  Segment part 23.            Intra module refs:   HCI_SendCommandCompleteEvent::?relay
           ENTRY                   ADDRESS         REF BY
           =====                   =======         ======
           HCI_SendCommandCompleteEvent
                                   00006241 
               calls direct
               XSTACK = 00000014 ( 00000010 )
               ISTACK = 00000000 ( 00000001 )
    -------------------------------------------------------------------------
<BANKED_CODE> 1 (was BANKED_CODE)
  Relative segment, address: CODE 0000635F - 00006363 (0x5 bytes), align: 0
  Segment part 25.            Intra module refs:   HCI_SendCommandCompleteEvent
    -------------------------------------------------------------------------
<BANKED_CODE> 1 (was BANKED_CODE)
  Relative segment, address: CODE 00006364 - 00006367 (0x4 bytes), align: 0
  Segment part 26.            Intra module refs:   HCI_SendCommandCompleteEvent
    -------------------------------------------------------------------------
<BANKED_CODE> 1 (was BANKED_CODE)
  Relative segment, address: CODE 00006368 - 0000636E (0x7 bytes), align: 0
  Segment part 27.            Intra module refs:   Segment part 26
                                                   Segment part 34
    -------------------------------------------------------------------------
<BANKED_CODE> 1 (was BANKED_CODE)
  Relative segment, address: CODE 0000636F - 00006372 (0x4 bytes), align: 0
  Segment part 28.            Intra module refs:   HCI_SendCommandCompleteEvent
    -------------------------------------------------------------------------
<BANKED_CODE> 1 (was BANKED_CODE)
  Relative segment, address: CODE 00006373 - 00006379 (0x7 bytes), align: 0
  Segment part 29.            Intra module refs:   HCI_SendCommandCompleteEvent
    -------------------------------------------------------------------------
<BANKED_CODE> 1 (was BANKED_CODE)
  Relative segment, address: CODE 0000637A - 0000637D (0x4 bytes), align: 0
  Segment part 30.            Intra module refs:   HCI_SendCommandCompleteEvent
                                                   LL_DisconnectCback
                                                   Segment part 29
                                                   Segment part 37
    -------------------------------------------------------------------------
<BANKED_CODE> 1 (was BANKED_CODE)
  Relative segment, address: CODE 0000637E - 00006383 (0x6 bytes), align: 0
  Segment part 31.            Intra module refs:   Segment part 30
                                                   Segment part 52
                                                   Segment part 68
                                                   Segment part 80
    -------------------------------------------------------------------------
<BANKED_CODE> 1 (was BANKED_CODE)
  Relative segment, address: CODE 00006384 - 00006388 (0x5 bytes), align: 0
  Segment part 32.            Intra module refs:   HCI_SendCommandCompleteEvent
    -------------------------------------------------------------------------
<BANKED_CODE> 1 (was BANKED_CODE)
  Relative segment, address: CODE 00006389 - 0000638C (0x4 bytes), align: 0
  Segment part 33.            Intra module refs:   Segment part 28
                                                   Segment part 32
    -------------------------------------------------------------------------
<BANKED_CODE> 1 (was BANKED_CODE)
  Relative segment, address: CODE 0000638D - 00006391 (0x5 bytes), align: 0
  Segment part 34.            Intra module refs:   Segment part 33
                                                   Segment part 85
    -------------------------------------------------------------------------
<BANKED_CODE> 1 (was BANKED_CODE)
  Relative segment, address: CODE 00006392 - 00006398 (0x7 bytes), align: 0
  Segment part 37.            Intra module refs:   HCI_SendCommandCompleteEvent
    -------------------------------------------------------------------------
<BANKED_CODE> 1 (was BANKED_CODE)
  Relative segment, address: CODE 00006399 - 000063AB (0x13 bytes), align: 0
  Segment part 38.            Intra module refs:   HCI_SendCommandCompleteEvent
    -------------------------------------------------------------------------
<BANKED_CODE> 1 (was BANKED_CODE)
  Relative segment, address: CODE 000063AC - 000063AF (0x4 bytes), align: 0
  Segment part 48.            Intra module refs:   HCI_SendCommandCompleteEvent
                                                   LL_ReadRemoteVersionInfoCback
    -------------------------------------------------------------------------
<BANKED_CODE> 1 (was BANKED_CODE)
  Relative segment, address: CODE 000063B0 - 000063B8 (0x9 bytes), align: 0
  Segment part 49.            Intra module refs:   HCI_SendCommandCompleteEvent
                                                   LL_ReadRemoteVersionInfoCback
    -------------------------------------------------------------------------
<BANKED_CODE> 1 (was BANKED_CODE)
  Relative segment, address: CODE 000063B9 - 000063BE (0x6 bytes), align: 0
  Segment part 50.            Intra module refs:   HCI_SendCommandCompleteEvent
                                                   LL_ReadRemoteVersionInfoCback
    -------------------------------------------------------------------------
<BANKED_CODE> 1 (was BANKED_CODE)
  Relative segment, address: CODE 000063BF - 000063C8 (0xa bytes), align: 0
  Segment part 52.            Intra module refs:   Segment part 101
    -------------------------------------------------------------------------
<BANKED_CODE> 1 (was BANKED_CODE)
  Relative segment, address: CODE 000063C9 - 000063CE (0x6 bytes), align: 0
  Segment part 57.            Intra module refs:   Segment part 37
                                                   Segment part 84
    -------------------------------------------------------------------------
<BANKED_CODE> 1 (was BANKED_CODE)
  Relative segment, address: CODE 000063CF - 000063D2 (0x4 bytes), align: 0
  Segment part 59.            Intra module refs:   LL_EncLtkReqCback
                                                   LL_ReadRemoteVersionInfoCback
    -------------------------------------------------------------------------
<BANKED_CODE> 1 (was BANKED_CODE)
  Relative segment, address: CODE 000063D3 - 000063E1 (0xf bytes), align: 0
  Segment part 60.            Intra module refs:   Segment part 100
                                                   Segment part 59
    -------------------------------------------------------------------------
<BANKED_CODE> 1 (was BANKED_CODE)
  Relative segment, address: CODE 000063E2 - 0000645F (0x7e bytes), align: 0
  Segment part 62.            Intra module refs:   LL_DisconnectCback::?relay
           ENTRY                   ADDRESS         REF BY
           =====                   =======         ======
           LL_DisconnectCback      000063E2 
               calls direct
               XSTACK = 00000000 ( 0000000C )
               ISTACK = 00000000 ( 00000001 )
    -------------------------------------------------------------------------
<BANKED_CODE> 1 (was BANKED_CODE)
  Relative segment, address: CODE 00006460 - 00006466 (0x7 bytes), align: 0
  Segment part 64.            Intra module refs:   LL_DisconnectCback
    -------------------------------------------------------------------------
<BANKED_CODE> 1 (was BANKED_CODE)
  Relative segment, address: CODE 00006467 - 0000646F (0x9 bytes), align: 0
  Segment part 65.            Intra module refs:   Segment part 48
                                                   Segment part 64
    -------------------------------------------------------------------------
<BANKED_CODE> 1 (was BANKED_CODE)
  Relative segment, address: CODE 00006470 - 00006473 (0x4 bytes), align: 0
  Segment part 66.            Intra module refs:   LL_DisconnectCback
    -------------------------------------------------------------------------
<BANKED_CODE> 1 (was BANKED_CODE)
  Relative segment, address: CODE 00006474 - 00006477 (0x4 bytes), align: 0
  Segment part 67.            Intra module refs:   Segment part 101
                                                   Segment part 66
                                                   Segment part 69
    -------------------------------------------------------------------------
<BANKED_CODE> 1 (was BANKED_CODE)
  Relative segment, address: CODE 00006478 - 0000647E (0x7 bytes), align: 0
  Segment part 68.            Intra module refs:   Segment part 102
                                                   Segment part 67
    -------------------------------------------------------------------------
<BANKED_CODE> 1 (was BANKED_CODE)
  Relative segment, address: CODE 0000647F - 00006483 (0x5 bytes), align: 0
  Segment part 69.            Intra module refs:   LL_DisconnectCback
    -------------------------------------------------------------------------
<BANKED_CODE> 1 (was BANKED_CODE)
  Relative segment, address: CODE 00006484 - 00006487 (0x4 bytes), align: 0
  Segment part 70.            Intra module refs:   LL_DisconnectCback
    -------------------------------------------------------------------------
<BANKED_CODE> 1 (was BANKED_CODE)
  Relative segment, address: CODE 00006488 - 0000648D (0x6 bytes), align: 0
  Segment part 71.            Intra module refs:   Segment part 70
                                                   Segment part 72
    -------------------------------------------------------------------------
<BANKED_CODE> 1 (was BANKED_CODE)
  Relative segment, address: CODE 0000648E - 00006493 (0x6 bytes), align: 0
  Segment part 72.            Intra module refs:   LL_DisconnectCback
    -------------------------------------------------------------------------
<BANKED_CODE> 1 (was BANKED_CODE)
  Relative segment, address: CODE 00006494 - 0000654E (0xbb bytes), align: 0
  Segment part 73.            Intra module refs:   LL_ReadRemoteVersionInfoCback::?relay
           ENTRY                   ADDRESS         REF BY
           =====                   =======         ======
           LL_ReadRemoteVersionInfoCback
                                   00006494 
               calls direct
               XSTACK = 00000004 ( 0000000C )
               ISTACK = 00000000 ( 00000001 )
    -------------------------------------------------------------------------
<BANKED_CODE> 1 (was BANKED_CODE)
  Relative segment, address: CODE 0000654F - 00006557 (0x9 bytes), align: 0
  Segment part 75.            Intra module refs:   LL_ReadRemoteVersionInfoCback
    -------------------------------------------------------------------------
<BANKED_CODE> 1 (was BANKED_CODE)
  Relative segment, address: CODE 00006558 - 0000655B (0x4 bytes), align: 0
  Segment part 77.            Intra module refs:   LL_ReadRemoteVersionInfoCback
    -------------------------------------------------------------------------
<BANKED_CODE> 1 (was BANKED_CODE)
  Relative segment, address: CODE 0000655C - 00006561 (0x6 bytes), align: 0
  Segment part 78.            Intra module refs:   Segment part 29
                                                   Segment part 64
                                                   Segment part 77
                                                   Segment part 87
    -------------------------------------------------------------------------
<BANKED_CODE> 1 (was BANKED_CODE)
  Relative segment, address: CODE 00006562 - 00006568 (0x7 bytes), align: 0
  Segment part 79.            Intra module refs:   LL_ReadRemoteVersionInfoCback
    -------------------------------------------------------------------------
<BANKED_CODE> 1 (was BANKED_CODE)
  Relative segment, address: CODE 00006569 - 0000656B (0x3 bytes), align: 0
  Segment part 80.            Intra module refs:   Segment part 38
    -------------------------------------------------------------------------
<BANKED_CODE> 1 (was BANKED_CODE)
  Relative segment, address: CODE 0000656C - 0000656F (0x4 bytes), align: 0
  Segment part 81.            Intra module refs:   Segment part 79
                                                   Segment part 80
    -------------------------------------------------------------------------
<BANKED_CODE> 1 (was BANKED_CODE)
  Relative segment, address: CODE 00006570 - 00006573 (0x4 bytes), align: 0
  Segment part 82.            Intra module refs:   Segment part 57
                                                   Segment part 81
    -------------------------------------------------------------------------
<BANKED_CODE> 1 (was BANKED_CODE)
  Relative segment, address: CODE 00006574 - 0000657C (0x9 bytes), align: 0
  Segment part 83.            Intra module refs:   Segment part 27
                                                   Segment part 82
    -------------------------------------------------------------------------
<BANKED_CODE> 1 (was BANKED_CODE)
  Relative segment, address: CODE 0000657D - 00006583 (0x7 bytes), align: 0
  Segment part 84.            Intra module refs:   LL_ReadRemoteVersionInfoCback
    -------------------------------------------------------------------------
<BANKED_CODE> 1 (was BANKED_CODE)
  Relative segment, address: CODE 00006584 - 0000658A (0x7 bytes), align: 0
  Segment part 85.            Intra module refs:   LL_ReadRemoteVersionInfoCback
    -------------------------------------------------------------------------
<BANKED_CODE> 1 (was BANKED_CODE)
  Relative segment, address: CODE 0000658B - 00006592 (0x8 bytes), align: 0
  Segment part 86.            Intra module refs:   Segment part 79
                                                   Segment part 84
                                                   Segment part 85
                                                   Segment part 87
    -------------------------------------------------------------------------
<BANKED_CODE> 1 (was BANKED_CODE)
  Relative segment, address: CODE 00006593 - 00006599 (0x7 bytes), align: 0
  Segment part 87.            Intra module refs:   LL_ReadRemoteVersionInfoCback
    -------------------------------------------------------------------------
<BANKED_CODE> 1 (was BANKED_CODE)
  Relative segment, address: CODE 0000659A - 000066F9 (0x160 bytes), align: 0
  Segment part 88.            Intra module refs:   LL_EncLtkReqCback::?relay
           ENTRY                   ADDRESS         REF BY
           =====                   =======         ======
           LL_EncLtkReqCback       0000659A 
               calls direct
               XSTACK = 00000002 ( 00000016 )
               ISTACK = 00000000 ( 00000001 )
    -------------------------------------------------------------------------
<BANKED_CODE> 1 (was BANKED_CODE)
  Relative segment, address: CODE 000066FA - 000066FF (0x6 bytes), align: 0
  Segment part 90.            Intra module refs:   LL_DisconnectCback
                                                   LL_EncLtkReqCback
                                                   Segment part 99
    -------------------------------------------------------------------------
<BANKED_CODE> 1 (was BANKED_CODE)
  Relative segment, address: CODE 00006700 - 00006707 (0x8 bytes), align: 0
  Segment part 91.            Intra module refs:   HCI_CommandCompleteEvent
                                                   LL_EncLtkReqCback
                                                   Segment part 92
    -------------------------------------------------------------------------
<BANKED_CODE> 1 (was BANKED_CODE)
  Relative segment, address: CODE 00006708 - 0000670C (0x5 bytes), align: 0
  Segment part 92.            Intra module refs:   HCI_CommandCompleteEvent
                                                   LL_EncLtkReqCback
    -------------------------------------------------------------------------
<BANKED_CODE> 1 (was BANKED_CODE)
  Relative segment, address: CODE 0000670D - 00006760 (0x54 bytes), align: 0
  Segment part 93.            Intra module refs:   LL_EncChangeCback::?relay
           ENTRY                   ADDRESS         REF BY
           =====                   =======         ======
           LL_EncChangeCback       0000670D 
               calls direct
               XSTACK = 00000000 ( 0000000C )
               ISTACK = 00000000 ( 00000001 )
    -------------------------------------------------------------------------
<BANKED_CODE> 1 (was BANKED_CODE)
  Relative segment, address: CODE 00006761 - 00006765 (0x5 bytes), align: 0
  Segment part 95.            Intra module refs:   LL_DisconnectCback
                                                   LL_EncChangeCback
                                                   LL_EncKeyRefreshCback
                                                   LL_ReadRemoteVersionInfoCback
    -------------------------------------------------------------------------
<BANKED_CODE> 1 (was BANKED_CODE)
  Relative segment, address: CODE 00006766 - 000067B5 (0x50 bytes), align: 0
  Segment part 96.            Intra module refs:   LL_EncKeyRefreshCback::?relay
           ENTRY                   ADDRESS         REF BY
           =====                   =======         ======
           LL_EncKeyRefreshCback   00006766 
               calls direct
               XSTACK = 00000000 ( 0000000C )
               ISTACK = 00000000 ( 00000001 )
    -------------------------------------------------------------------------
<BANKED_CODE> 1 (was BANKED_CODE)
  Relative segment, address: CODE 000067B6 - 000067C1 (0xc bytes), align: 0
  Segment part 98.            Intra module refs:   LL_EncChangeCback
                                                   LL_EncKeyRefreshCback
    -------------------------------------------------------------------------
<BANKED_CODE> 1 (was BANKED_CODE)
  Relative segment, address: CODE 000067C2 - 000067D5 (0x14 bytes), align: 0
  Segment part 99.            Intra module refs:   LL_EncChangeCback
                                                   LL_EncKeyRefreshCback
    -------------------------------------------------------------------------
<BANKED_CODE> 1 (was BANKED_CODE)
  Relative segment, address: CODE 000067D6 - 000067EC (0x17 bytes), align: 0
  Segment part 100.           Intra module refs:   Segment part 18
                                                   Segment part 99
    -------------------------------------------------------------------------
<BANKED_CODE> 1 (was BANKED_CODE)
  Relative segment, address: CODE 000067ED - 00006808 (0x1c bytes), align: 0
  Segment part 101.           Intra module refs:   LL_EncChangeCback
                                                   LL_EncKeyRefreshCback
    -------------------------------------------------------------------------
<BANKED_CODE> 1 (was BANKED_CODE)
  Relative segment, address: CODE 00006809 - 0000680E (0x6 bytes), align: 0
  Segment part 102.           Intra module refs:   Segment part 101
    -------------------------------------------------------------------------
BANK_RELAYS
  Relative segment, address: CODE 00001969 - 0000196E (0x6 bytes), align: 0
  Segment part 12.
           ENTRY                   ADDRESS         REF BY
           =====                   =======         ======
           HCI_CommandCompleteEvent::?relay
                                   00001969        LL_RandCback (hci)
    -------------------------------------------------------------------------
BANK_RELAYS
  Relative segment, address: CODE 0000196F - 00001974 (0x6 bytes), align: 0
  Segment part 24.            Intra module refs:   HCI_CommandCompleteEvent
           ENTRY                   ADDRESS         REF BY
           =====                   =======         ======
           HCI_SendCommandCompleteEvent::?relay
                                   0000196F        HCI_VendorSpecifcCommandCompleteEvent (hci_event_PATCH)
    -------------------------------------------------------------------------
BANK_RELAYS
  Relative segment, address: CODE 00001975 - 0000197A (0x6 bytes), align: 0
  Segment part 63.
           ENTRY                   ADDRESS         REF BY
           =====                   =======         ======
           LL_DisconnectCback::?relay
                                   00001975        llConnTerminate (ll_common)
                                                   llProcessRxData (ll_common)
    -------------------------------------------------------------------------
BANK_RELAYS
  Relative segment, address: CODE 0000197B - 00001980 (0x6 bytes), align: 0
  Segment part 74.
           ENTRY                   ADDRESS         REF BY
           =====                   =======         ======
           LL_ReadRemoteVersionInfoCback::?relay
                                   0000197B        llProcessSlaveControlProcedures (ll_slaveEndCauses)
    -------------------------------------------------------------------------
BANK_RELAYS
  Relative segment, address: CODE 00001981 - 00001986 (0x6 bytes), align: 0
  Segment part 89.
           ENTRY                   ADDRESS         REF BY
           =====                   =======         ======
           LL_EncLtkReqCback::?relay
                                   00001981        llProcessSlaveControlProcedures (ll_slaveEndCauses)
    -------------------------------------------------------------------------
BANK_RELAYS
  Relative segment, address: CODE 00001987 - 0000198C (0x6 bytes), align: 0
  Segment part 94.
           ENTRY                   ADDRESS         REF BY
           =====                   =======         ======
           LL_EncChangeCback::?relay
                                   00001987        llProcessSlaveControlProcedures (ll_slaveEndCauses)
    -------------------------------------------------------------------------
BANK_RELAYS
  Relative segment, address: CODE 0000198D - 00001992 (0x6 bytes), align: 0
  Segment part 97.
           ENTRY                   ADDRESS         REF BY
           =====                   =======         ======
           LL_EncKeyRefreshCback::?relay
                                   0000198D        llProcessSlaveControlProcedures (ll_slaveEndCauses)

    -------------------------------------------------------------------------
  LIBRARY MODULE, NAME : hci_event_PATCH

  SEGMENTS IN THE MODULE
  ======================
<BANKED_CODE> 1 (was BANKED_CODE)
  Relative segment, address: CODE 0000680F - 0000688D (0x7f bytes), align: 0
  Segment part 9.             Intra module refs:   LL_ConnParamUpdateCback::?relay
           ENTRY                   ADDRESS         REF BY
           =====                   =======         ======
           LL_ConnParamUpdateCback
                                   0000680F 
               calls direct
               XSTACK = 00000004 ( 00000010 )
               ISTACK = 00000000 ( 00000001 )
    -------------------------------------------------------------------------
<BANKED_CODE> 1 (was BANKED_CODE)
  Relative segment, address: CODE 0000688E - 00006892 (0x5 bytes), align: 0
  Segment part 11.            Intra module refs:   LL_ConnParamUpdateCback
    -------------------------------------------------------------------------
<BANKED_CODE> 1 (was BANKED_CODE)
  Relative segment, address: CODE 00006893 - 00006A49 (0x1b7 bytes), align: 0
  Segment part 19.            Intra module refs:   HCI_NumOfCompletedPacketsEvent::?relay
           ENTRY                   ADDRESS         REF BY
           =====                   =======         ======
           HCI_NumOfCompletedPacketsEvent
                                   00006893 
               calls direct
               XSTACK = 00000000 ( 00000012 )
               ISTACK = 00000000 ( 00000001 )
    -------------------------------------------------------------------------
<BANKED_CODE> 1 (was BANKED_CODE)
  Relative segment, address: CODE 00006A4A - 00006A4E (0x5 bytes), align: 0
  Segment part 21.            Intra module refs:   HCI_NumOfCompletedPacketsEvent
                                                   HCI_VendorSpecifcCommandCompleteEvent
    -------------------------------------------------------------------------
<BANKED_CODE> 1 (was BANKED_CODE)
  Relative segment, address: CODE 00006A4F - 00006A59 (0xb bytes), align: 0
  Segment part 22.            Intra module refs:   HCI_NumOfCompletedPacketsEvent
    -------------------------------------------------------------------------
<BANKED_CODE> 1 (was BANKED_CODE)
  Relative segment, address: CODE 00006A5A - 00006A5E (0x5 bytes), align: 0
  Segment part 23.            Intra module refs:   HCI_NumOfCompletedPacketsEvent
    -------------------------------------------------------------------------
<BANKED_CODE> 1 (was BANKED_CODE)
  Relative segment, address: CODE 00006A5F - 00006A73 (0x15 bytes), align: 0
  Segment part 24.            Intra module refs:   HCI_NumOfCompletedPacketsEvent
                                                   Segment part 23
    -------------------------------------------------------------------------
<BANKED_CODE> 1 (was BANKED_CODE)
  Relative segment, address: CODE 00006A74 - 00006A85 (0x12 bytes), align: 0
  Segment part 25.            Intra module refs:   HCI_NumOfCompletedPacketsEvent
    -------------------------------------------------------------------------
<BANKED_CODE> 1 (was BANKED_CODE)
  Relative segment, address: CODE 00006A86 - 00006A87 (0x2 bytes), align: 0
  Segment part 26.            Intra module refs:   HCI_NumOfCompletedPacketsEvent
    -------------------------------------------------------------------------
<BANKED_CODE> 1 (was BANKED_CODE)
  Relative segment, address: CODE 00006A88 - 00006A8D (0x6 bytes), align: 0
  Segment part 27.            Intra module refs:   HCI_VendorSpecifcCommandCompleteEvent
                                                   Segment part 26
    -------------------------------------------------------------------------
<BANKED_CODE> 1 (was BANKED_CODE)
  Relative segment, address: CODE 00006A8E - 00006A91 (0x4 bytes), align: 0
  Segment part 28.            Intra module refs:   HCI_NumOfCompletedPacketsEvent
    -------------------------------------------------------------------------
<BANKED_CODE> 1 (was BANKED_CODE)
  Relative segment, address: CODE 00006A92 - 00006A9A (0x9 bytes), align: 0
  Segment part 29.            Intra module refs:   Segment part 28
                                                   Segment part 31
    -------------------------------------------------------------------------
<BANKED_CODE> 1 (was BANKED_CODE)
  Relative segment, address: CODE 00006A9B - 00006AA3 (0x9 bytes), align: 0
  Segment part 30.            Intra module refs:   Segment part 29
    -------------------------------------------------------------------------
<BANKED_CODE> 1 (was BANKED_CODE)
  Relative segment, address: CODE 00006AA4 - 00006AA9 (0x6 bytes), align: 0
  Segment part 31.            Intra module refs:   HCI_NumOfCompletedPacketsEvent
    -------------------------------------------------------------------------
<BANKED_CODE> 1 (was BANKED_CODE)
  Relative segment, address: CODE 00006AAA - 00006AAF (0x6 bytes), align: 0
  Segment part 34.            Intra module refs:   HCI_NumOfCompletedPacketsEvent
    -------------------------------------------------------------------------
<BANKED_CODE> 1 (was BANKED_CODE)
  Relative segment, address: CODE 00006AB0 - 00006ABD (0xe bytes), align: 0
  Segment part 40.            Intra module refs:   LL_ConnParamUpdateCback
    -------------------------------------------------------------------------
<BANKED_CODE> 1 (was BANKED_CODE)
  Relative segment, address: CODE 00006ABE - 00006AC2 (0x5 bytes), align: 0
  Segment part 41.            Intra module refs:   Segment part 34
                                                   Segment part 40
                                                   Segment part 47
    -------------------------------------------------------------------------
<BANKED_CODE> 1 (was BANKED_CODE)
  Relative segment, address: CODE 00006AC3 - 00006AC9 (0x7 bytes), align: 0
  Segment part 42.            Intra module refs:   HCI_NumOfCompletedPacketsEvent
                                                   Segment part 41
                                                   Segment part 49
    -------------------------------------------------------------------------
<BANKED_CODE> 1 (was BANKED_CODE)
  Relative segment, address: CODE 00006ACA - 00006AE9 (0x20 bytes), align: 0
  Segment part 43.            Intra module refs:   LL_ConnParamUpdateCback
    -------------------------------------------------------------------------
<BANKED_CODE> 1 (was BANKED_CODE)
  Relative segment, address: CODE 00006AEA - 00006B08 (0x1f bytes), align: 0
  Segment part 44.            Intra module refs:   LL_ConnParamUpdateCback
    -------------------------------------------------------------------------
<BANKED_CODE> 1 (was BANKED_CODE)
  Relative segment, address: CODE 00006B09 - 00006B1F (0x17 bytes), align: 0
  Segment part 45.            Intra module refs:   Segment part 44
    -------------------------------------------------------------------------
<BANKED_CODE> 1 (was BANKED_CODE)
  Relative segment, address: CODE 00006B20 - 00006B29 (0xa bytes), align: 0
  Segment part 46.            Intra module refs:   Segment part 44
    -------------------------------------------------------------------------
<BANKED_CODE> 1 (was BANKED_CODE)
  Relative segment, address: CODE 00006B2A - 00006B56 (0x2d bytes), align: 0
  Segment part 47.            Intra module refs:   LL_ConnParamUpdateCback
    -------------------------------------------------------------------------
<BANKED_CODE> 1 (was BANKED_CODE)
  Relative segment, address: CODE 00006B57 - 00006B5A (0x4 bytes), align: 0
  Segment part 48.            Intra module refs:   Segment part 47
    -------------------------------------------------------------------------
<BANKED_CODE> 1 (was BANKED_CODE)
  Relative segment, address: CODE 00006B5B - 00006B61 (0x7 bytes), align: 0
  Segment part 49.            Intra module refs:   Segment part 48
                                                   Segment part 50
    -------------------------------------------------------------------------
<BANKED_CODE> 1 (was BANKED_CODE)
  Relative segment, address: CODE 00006B62 - 00006B69 (0x8 bytes), align: 0
  Segment part 50.            Intra module refs:   Segment part 47
    -------------------------------------------------------------------------
<BANKED_CODE> 1 (was BANKED_CODE)
  Relative segment, address: CODE 00006B6A - 00006C0E (0xa5 bytes), align: 0
  Segment part 51.            Intra module refs:   HCI_VendorSpecifcCommandCompleteEvent::?relay
           ENTRY                   ADDRESS         REF BY
           =====                   =======         ======
           HCI_VendorSpecifcCommandCompleteEvent
                                   00006B6A 
               calls direct
               XSTACK = 00000000 ( 00000014 )
               ISTACK = 00000000 ( 00000001 )
    -------------------------------------------------------------------------
<BANKED_CODE> 1 (was BANKED_CODE)
  Relative segment, address: CODE 00006C0F - 00006C1B (0xd bytes), align: 0
  Segment part 53.            Intra module refs:   HCI_VendorSpecifcCommandCompleteEvent
    -------------------------------------------------------------------------
BANK_RELAYS
  Relative segment, address: CODE 00001993 - 00001998 (0x6 bytes), align: 0
  Segment part 10.
           ENTRY                   ADDRESS         REF BY
           =====                   =======         ======
           LL_ConnParamUpdateCback::?relay
                                   00001993        llSetupNextSlaveEvent (ll_slaveEndCauses)
    -------------------------------------------------------------------------
BANK_RELAYS
  Relative segment, address: CODE 00001999 - 0000199E (0x6 bytes), align: 0
  Segment part 20.
           ENTRY                   ADDRESS         REF BY
           =====                   =======         ======
           HCI_NumOfCompletedPacketsEvent::?relay
                                   00001999        llConnCleanup (ll_common)
                                                   llProcessTxData (ll_common)
    -------------------------------------------------------------------------
BANK_RELAYS
  Relative segment, address: CODE 0000199F - 000019A4 (0x6 bytes), align: 0
  Segment part 52.
           ENTRY                   ADDRESS         REF BY
           =====                   =======         ======
           HCI_VendorSpecifcCommandCompleteEvent::?relay
                                   0000199F        Segment part 179 (hci)

    -------------------------------------------------------------------------
  LIBRARY MODULE, NAME : ll

  SEGMENTS IN THE MODULE
  ======================
SFR_AN
  Relative segment, address: DATA 000000AC - 000000AC (0x1 bytes), align: 0
  Segment part 6. ROOT 
           ENTRY                   ADDRESS         REF BY
           =====                   =======         ======
           P2IEN                   000000AC 
    -------------------------------------------------------------------------
SFR_AN
  Relative segment, address: DATA 000000AE - 000000AE (0x1 bytes), align: 0
  Segment part 7. ROOT 
           ENTRY                   ADDRESS         REF BY
           =====                   =======         ======
           PMUX                    000000AE 
    -------------------------------------------------------------------------
SFR_AN
  Relative segment, address: DATA 000000D9 - 000000D9 (0x1 bytes), align: 0
  Segment part 10. ROOT       Intra module refs:   llAdvEvt_TaskConnect (ll_advEndCauses)
                                                   llDiscoverableAdvEvt_TaskEndOk (ll_advEndCauses)
                                                   llNonConnAdvEvt_TaskEndOk (ll_advEndCauses)
                                                   llProcessRxData (ll_common)
                                                   llProcessTxData (ll_common)
                                                   llSetupDirectedAdvEvt (ll_common)
                                                   llSetupEncRsp (ll_common)
                                                   llSetupFeatureSetRsp (ll_common)
                                                   llSetupNonConnectableAdvEvt (ll_common)
                                                   llSetupPauseEncRsp (ll_common)
                                                   llSetupRejectInd (ll_common)
                                                   llSetupScannableAdvEvt (ll_common)
                                                   llSetupStartEncReq (ll_common)
                                                   llSetupStartEncRsp (ll_common)
                                                   llSetupTermInd (ll_common)
                                                   llSetupUndirectedAdvEvt (ll_common)
                                                   llSetupUnknownRsp (ll_common)
                                                   llSetupVersionIndReq (ll_common)
                                                   llUndirectedAdvEvt_TaskEndOk (ll_advEndCauses)
           ENTRY                   ADDRESS         REF BY
           =====                   =======         ======
           RFD                     000000D9 
    -------------------------------------------------------------------------
SFR_AN
  Relative segment, address: DATA 000000E1 - 000000E1 (0x1 bytes), align: 0
  Segment part 11. ROOT       Intra module refs:   LL_ENC_GenerateTrueRandNum (ll_enc)
                                                   PHY_CommitRxFifo (phy)
                                                   PHY_DeallocateRxFifo (phy)
                                                   PHY_RetryRxFifo (phy)
                                                   PHY_RetryTxFifo (phy)
                                                   llAdvEvt_TaskAbort (ll_advEndCauses)
                                                   llAdvEvt_TaskConnect (ll_advEndCauses)
                                                   llDirectedAdvEvt_TaskEndOk (ll_advEndCauses)
                                                   llDiscoverableAdvEvt_TaskEndOk (ll_advEndCauses)
                                                   llNonConnAdvEvt_TaskEndOk (ll_advEndCauses)
                                                   llProcessTxData (ll_common)
                                                   llRestore_rxFIFO (ll_scheduler)
                                                   llRestore_txFIFO (ll_scheduler)
                                                   llSave_rxFIFO (ll_scheduler)
                                                   llSave_txFIFO (ll_scheduler)
                                                   llScheduleTask (ll_scheduler)
                                                   llSetupAdv (ll_common)
                                                   llSetupDirectedAdvEvt (ll_common)
                                                   llSetupEncRsp (ll_common)
                                                   llSetupFeatureSetRsp (ll_common)
                                                   llSetupNonConnectableAdvEvt (ll_common)
                                                   llSetupPauseEncRsp (ll_common)
                                                   llSetupRejectInd (ll_common)
                                                   llSetupScannableAdvEvt (ll_common)
                                                   llSetupStartEncReq (ll_common)
                                                   llSetupStartEncRsp (ll_common)
                                                   llSetupTermInd (ll_common)
                                                   llSetupUndirectedAdvEvt (ll_common)
                                                   llSetupUnknownRsp (ll_common)
                                                   llSetupVersionIndReq (ll_common)
                                                   llUndirectedAdvEvt_TaskEndOk (ll_advEndCauses)
           ENTRY                   ADDRESS         REF BY
           =====                   =======         ======
           RFST                    000000E1 
    -------------------------------------------------------------------------
SFR_AN
  Relative segment, address: DATA 000000F2 - 000000F2 (0x1 bytes), align: 0
  Segment part 12. ROOT 
           ENTRY                   ADDRESS         REF BY
           =====                   =======         ======
           APCFG                   000000F2 
    -------------------------------------------------------------------------
SFR_AN
  Relative segment, address: DATA 000000F5 - 000000F5 (0x1 bytes), align: 0
  Segment part 15. ROOT 
           ENTRY                   ADDRESS         REF BY
           =====                   =======         ======
           P2SEL                   000000F5 
    -------------------------------------------------------------------------
SFR_AN
  Relative segment, address: DATA 000000FF - 000000FF (0x1 bytes), align: 0
  Segment part 18. ROOT 
           ENTRY                   ADDRESS         REF BY
           =====                   =======         ======
           P2DIR                   000000FF 
    -------------------------------------------------------------------------
XDATA_Z
  Relative segment, address: XDATA 0000028D - 0000028D (0x1 bytes), align: 0
  Segment part 27.
           ENTRY                   ADDRESS         REF BY
           =====                   =======         ======
           LL_TaskID               0000028D        RF_NormalIsr (ll_isr)
                                                   llAdvEvt_TaskConnect (ll_advEndCauses)
                                                   llDirectedAdvEvt_TaskEndOk (ll_advEndCauses)
                                                   llFreeTask (ll_scheduler)
                                                   llScheduleTask (ll_scheduler)
                                                   llT2OVFC1_ISR (ll_isr)
    -------------------------------------------------------------------------
XDATA_Z
  Relative segment, address: XDATA 0000028E - 0000028E (0x1 bytes), align: 0
  Segment part 28.            Intra module refs:   LL_EncLtkNegReply
           ENTRY                   ADDRESS         REF BY
           =====                   =======         ======
           llState                 0000028E        RF_NormalIsr (ll_isr)
                                                   llAdvEvt_TaskConnect (ll_advEndCauses)
                                                   llFreeTask (ll_scheduler)
                                                   llProcessRxData (ll_common)
                                                   llRestoreConnState (ll_scheduler)
                                                   llScheduler (ll_scheduler)
                                                   llSetupDirectedAdvEvt (ll_common)
                                                   llSetupNonConnectableAdvEvt (ll_common)
                                                   llSetupPauseEncRsp (ll_common)
                                                   llSetupScannableAdvEvt (ll_common)
                                                   llSetupStartEncRsp (ll_common)
                                                   llSetupUndirectedAdvEvt (ll_common)
                                                   llT2OVFC1_ISR (ll_isr)
    -------------------------------------------------------------------------
XDATA_Z
  Relative segment, address: XDATA 0000028F - 0000028F (0x1 bytes), align: 0
  Segment part 29.
           ENTRY                   ADDRESS         REF BY
           =====                   =======         ======
           taskEndCause            0000028F        RF_NormalIsr (ll_isr)
    -------------------------------------------------------------------------
XDATA_Z
  Relative segment, address: XDATA 00000290 - 00000291 (0x2 bytes), align: 0
  Segment part 30.
           ENTRY                   ADDRESS         REF BY
           =====                   =======         ======
           postRfOperations        00000290        llProcessPostRfOps (ll_common)
                                                   llProcessSlaveControlPacket (ll_slaveEndCauses)
    -------------------------------------------------------------------------
XDATA_Z
  Relative segment, address: XDATA 00000292 - 00000292 (0x1 bytes), align: 0
  Segment part 31.
           ENTRY                   ADDRESS         REF BY
           =====                   =======         ======
           rssiCorrection          00000292        llExtendRfRange (ll_common)
                                                   llProcessPostRfOps (ll_common)
                                                   llRfInit (ll_common)
                                                   llSetRxGain (ll_common)
    -------------------------------------------------------------------------
XDATA_Z
  Relative segment, address: XDATA 00000293 - 00000293 (0x1 bytes), align: 0
  Segment part 32.
           ENTRY                   ADDRESS         REF BY
           =====                   =======         ======
           clkDivOnHalt            00000293        llT2OVFC1_ISR (ll_isr)
    -------------------------------------------------------------------------
XDATA_Z
  Relative segment, address: XDATA 00000294 - 00000294 (0x1 bytes), align: 0
  Segment part 33.
           ENTRY                   ADDRESS         REF BY
           =====                   =======         ======
           nvInUse                 00000294        llScheduleTask (ll_scheduler)
                                                   llT2OVFC1_ISR (ll_isr)
    -------------------------------------------------------------------------
XDATA_Z
  Relative segment, address: XDATA 00000295 - 000002A0 (0xc bytes), align: 0
  Segment part 34.
           ENTRY                   ADDRESS         REF BY
           =====                   =======         ======
           rfCounters              00000295        llProcessSlaveControlProcedures (ll_slaveEndCauses)
                                                   llSlaveEvt_TaskEndOk (ll_slaveEndCauses)
    -------------------------------------------------------------------------
XDATA_Z
  Relative segment, address: XDATA 000002A1 - 000002A9 (0x9 bytes), align: 0
  Segment part 35.
           ENTRY                   ADDRESS         REF BY
           =====                   =======         ======
           deviceFeatureSet        000002A1        Segment part 72 (ll_slaveEndCauses)
                                                   Segment part 86 (ll_slaveEndCauses)
                                                   llAllocConnId (ll_common)
                                                   llProcessSlaveControlPacket (ll_slaveEndCauses)
    -------------------------------------------------------------------------
XDATA_Z
  Relative segment, address: XDATA 000002AA - 000002AE (0x5 bytes), align: 0
  Segment part 37.
           ENTRY                   ADDRESS         REF BY
           =====                   =======         ======
           verInfo                 000002AA        llSetupVersionIndReq (ll_common)
    -------------------------------------------------------------------------
XDATA_Z
  Relative segment, address: XDATA 000002AF - 000002B6 (0x8 bytes), align: 0
  Segment part 38.
           ENTRY                   ADDRESS         REF BY
           =====                   =======         ======
           dtmInfo                 000002AF        RF_NormalIsr (ll_isr)
    -------------------------------------------------------------------------
XDATA_Z
  Relative segment, address: XDATA 000002B7 - 000003C5 (0x10f bytes), align: 0
  Segment part 40.            Intra module refs:   LL_EncLtkNegReply
           ENTRY                   ADDRESS         REF BY
           =====                   =======         ======
           llConns                 000002B7        Segment part 21 (ll_isr)
                                                   Segment part 28 (ll_scheduler)
                                                   Segment part 60 (ll_slaveEndCauses)
                                                   llAdvEvt_TaskConnect (ll_advEndCauses)
                                                   llAllocConnId (ll_common)
                                                   llGetNextConn (ll_common)
                                                   llProcessRxData (ll_common)
                                                   llReleaseConnId (ll_common)
                                                   llRestoreConnState (ll_scheduler)
                                                   llScheduler (ll_scheduler)
                                                   llSetupNextSlaveEvent (ll_slaveEndCauses)
                                                   llSlaveEvt_TaskEndOk (ll_slaveEndCauses)
                                                   llStartSlaveSetup (ll_common)
    -------------------------------------------------------------------------
XDATA_Z
  Relative segment, address: XDATA 000003C6 - 000003CA (0x5 bytes), align: 0
  Segment part 41.
           ENTRY                   ADDRESS         REF BY
           =====                   =======         ======
           chanMapUpdate           000003C6        llAllocConnId (ll_common)
                                                   llProcessSlaveControlPacket (ll_slaveEndCauses)
                                                   llSetNextDataChan (ll_common)
    -------------------------------------------------------------------------
XDATA_Z
  Relative segment, address: XDATA 000003CB - 000003CB (0x1 bytes), align: 0
  Segment part 42.
           ENTRY                   ADDRESS         REF BY
           =====                   =======         ======
           onePktPerEvt            000003CB        llReleaseConnId (ll_common)
                                                   llSetupNextSlaveEvent (ll_slaveEndCauses)
    -------------------------------------------------------------------------
XDATA_Z
  Relative segment, address: XDATA 000003CC - 000003CC (0x1 bytes), align: 0
  Segment part 43.
           ENTRY                   ADDRESS         REF BY
           =====                   =======         ======
           numTxDataBufs           000003CC        llConnCleanup (ll_common)
                                                   llProcessTxData (ll_common)
    -------------------------------------------------------------------------
XDATA_Z
  Relative segment, address: XDATA 000003CD - 000003CD (0x1 bytes), align: 0
  Segment part 44.
           ENTRY                   ADDRESS         REF BY
           =====                   =======         ======
           numComplPkts            000003CD        Segment part 294 (ll_common)
                                                   llConnCleanup (ll_common)
                                                   llProcessTxData (ll_common)
    -------------------------------------------------------------------------
XDATA_Z
[...]
  LIBRARY MODULE, NAME : ?INTERRUPT_ENTER_XSP

  SEGMENTS IN THE MODULE
  ======================
RCODE
  Relative segment, address: CODE 00000DB8 - 00000E16 (0x5f bytes), align: 0
  Segment part 1.
           ENTRY                   ADDRESS         REF BY
           =====                   =======         ======
           ?INTERRUPT_ENTER_XSP    00000DB8        RF_NormalIsr (ll_isr)
                                                   T2_Isr (ll_isr)

    -------------------------------------------------------------------------
  LIBRARY MODULE, NAME : ?INTERRUPT_LEAVE_XSP

  SEGMENTS IN THE MODULE
  ======================
RCODE
  Relative segment, address: CODE 00000E17 - 00000E6E (0x58 bytes), align: 0
  Segment part 1.
           ENTRY                   ADDRESS         REF BY
           =====                   =======         ======
           ?INTERRUPT_LEAVE_XSP    00000E17        RF_NormalIsr (ll_isr)
                                                   T2_Isr (ll_isr)

    -------------------------------------------------------------------------
  LIBRARY MODULE, NAME : ?PUSH_XSTACK_I

  SEGMENTS IN THE MODULE
  ======================
RCODE
  Relative segment, address: CODE 00000E6F - 00000E72 (0x4 bytes), align: 0
  Segment part 0.
           ENTRY                   ADDRESS         REF BY
           =====                   =======         ======
           ?PUSH_XSTACK_I_FOUR     00000E6F        llAdjustForMissedEvent (ll_common)
                                                   llFindNextSecTask (ll_scheduler)
                                                   llFindStartType (ll_scheduler)
                                                   llScheduleTask (ll_scheduler)
                                                   llScheduler (ll_scheduler)
                                                   llSetupNextSlaveEvent (ll_slaveEndCauses)
    -------------------------------------------------------------------------
RCODE
  Relative segment, address: CODE 00000E73 - 00000E76 (0x4 bytes), align: 0
  Segment part 2.
           ENTRY                   ADDRESS         REF BY
           =====                   =======         ======
           ?PUSH_XSTACK_I_TWO      00000E73        HCI_CommandCompleteEvent (hci_event)
                                                   HCI_SendCommandCompleteEvent (hci_event)
                                                   HCI_VendorSpecifcCommandCompleteEvent (hci_event_PATCH)
                                                   LL_ENC_Decrypt (ll_enc)
                                                   LL_ENC_DecryptMsg (ll_enc)
                                                   LL_ENC_Encrypt (ll_enc)
                                                   LL_ENC_EncryptMsg (ll_enc)
                                                   LL_ENC_GenerateMIC (ll_enc)
                                                   LL_EncLtkReqCback (hci_event)
                                                   LL_RandCback (hci)
                                                   llAdvEvt_TaskConnect (ll_advEndCauses)
                                                   llCalcScaFactor (ll_timerDrift)
                                                   llProcessRxData (ll_common)
                                                   llProcessSlaveControlProcedures (ll_slaveEndCauses)
                                                   llProcessTxData (ll_common)
                                                   llRestoreConnState (ll_scheduler)
                                                   llSaveConnState (ll_scheduler)
                                                   llSetupFeatureSetRsp (ll_common)
                                                   llSetupNextSlaveEvent (ll_slaveEndCauses)
                                                   llSetupPauseEncRsp (ll_common)
                                                   llSetupStartEncRsp (ll_common)
                                                   llSetupTermInd (ll_common)
                                                   llSetupUnknownRsp (ll_common)
                                                   llSetupVersionIndReq (ll_common)
    -------------------------------------------------------------------------
RCODE
  Relative segment, address: CODE 00000E77 - 00000E78 (0x2 bytes), align: 0
  Segment part 3.
           ENTRY                   ADDRESS         REF BY
           =====                   =======         ======
           ?PUSH_XSTACK_I_ONE      00000E77        LL_ENC_AES128_Encrypt (ll_enc)
                                                   LL_ENC_DecryptMsg (ll_enc)
                                                   LL_ENC_EncryptMsg (ll_enc)
                                                   LL_ENC_GenerateMIC (ll_enc)
                                                   llProcessRxData (ll_common)
    -------------------------------------------------------------------------
RCODE
  Relative segment, address: CODE 00000E79 - 00000E85 (0xd bytes), align: 0
  Segment part 4.             Intra module refs:   ?PUSH_XSTACK_I_FOUR
                                                   ?PUSH_XSTACK_I_ONE
                                                   ?PUSH_XSTACK_I_TWO
           ENTRY                   ADDRESS         REF BY
           =====                   =======         ======
           ?PUSH_XSTACK_I          00000E79 

    -------------------------------------------------------------------------
  LIBRARY MODULE, NAME : ?PUSH_XSTACK8_X

  SEGMENTS IN THE MODULE
  ======================
RCODE
  Relative segment, address: CODE 00000E86 - 00000E89 (0x4 bytes), align: 0
  Segment part 1.
           ENTRY                   ADDRESS         REF BY
           =====                   =======         ======
           ?PUSH_XSTACK8_X_FOUR    00000E86        RF_NormalIsr (ll_isr)
                                                   osal_start_timerEx (OSAL_Timers)
    -------------------------------------------------------------------------
RCODE
  Relative segment, address: CODE 00000E8A - 00000E8D (0x4 bytes), align: 0
  Segment part 3.
           ENTRY                   ADDRESS         REF BY
           =====                   =======         ======
           ?PUSH_XSTACK8_X_TWO     00000E8A        llAdvEvt_TaskConnect (ll_advEndCauses)
                                                   llCalcTimerDrift (ll_timerDrift)
                                                   llProcessSlaveControlProcedures (ll_slaveEndCauses)
                                                   llScheduleTask (ll_scheduler)
                                                   llSetupNextSlaveEvent (ll_slaveEndCauses)
    -------------------------------------------------------------------------
RCODE
  Relative segment, address: CODE 00000E8E - 00000EB6 (0x29 bytes), align: 0
  Segment part 5.             Intra module refs:   ?PUSH_XSTACK8_X_FOUR
                                                   ?PUSH_XSTACK8_X_TWO
           ENTRY                   ADDRESS         REF BY
           =====                   =======         ======
           ?PUSH_XSTACK8_X         00000E8E 

    *************************************************************************

  DEFINED ABSOLUTE ENTRIES
  PROGRAM MODULE, NAME : ?FILLER_BYTES

  SEGMENTS IN THE MODULE
  ======================
INTVEC
  Common segment, address: CODE 00000830 - 000008B5 (0x86 bytes), align: 0
  Segment part 11.
    -------------------------------------------------------------------------
?FILL10
  Relative segment, address: CODE 00038000 - 0003E7FF (0x6800 bytes), align: 0
  Segment part 10.
    -------------------------------------------------------------------------
?FILL9
  Relative segment, address: CODE 00030000 - 00037FFF (0x8000 bytes), align: 0
  Segment part 9.
    -------------------------------------------------------------------------
?FILL8
  Relative segment, address: CODE 00028000 - 0002FFFF (0x8000 bytes), align: 0
  Segment part 8.
    -------------------------------------------------------------------------
?FILL7
  Relative segment, address: CODE 00020000 - 00027FFF (0x8000 bytes), align: 0
  Segment part 7.
    -------------------------------------------------------------------------
?FILL6
  Relative segment, address: CODE 00018000 - 0001FFFF (0x8000 bytes), align: 0
  Segment part 6.
    -------------------------------------------------------------------------
?FILL5
  Relative segment, address: CODE 00010000 - 00017FFF (0x8000 bytes), align: 0
  Segment part 5.
    -------------------------------------------------------------------------
?FILL4
  Relative segment, address: CODE 0000808B - 0000FFFF (0x7f75 bytes), align: 0
  Segment part 4.
    -------------------------------------------------------------------------
?FILL3
  Relative segment, address: CODE 00007CAC - 00007FFF (0x354 bytes), align: 0
  Segment part 3.
    -------------------------------------------------------------------------
?FILL2
  Relative segment, address: CODE 00001CB1 - 00001CB3 (0x3 bytes), align: 0
  Segment part 2.
    -------------------------------------------------------------------------
NEAR_CODE
  Relative segment, address: CODE 0000167B - 0000167B (0x1 bytes), align: 0
  Segment part 1.
    -------------------------------------------------------------------------
?FILL1
  Relative segment, address: CODE 00000EB7 - 00000EB7 (0x1 bytes), align: 0
  Segment part 0.




                ****************************************
                *                                      *
                *            MODULE SUMMARY            *
                *                                      *
                ****************************************

Module                      CODE      DATA      XDATA  IDATA    BIT  CONST
------                      ----      ----      -----  -----    ---  -----
                           (Rel)  (Rel)  (Abs)  (Rel)  (Rel)  (Rel)  (Rel)
?ADD_XSTACK_DISP8             27
?ALLOC_XSTACK8                22
?BANKED_CODE_SUPPORT          30
?BANKED_ENTER_XDATA          108
?BANKED_LEAVE_XDATA           70
?CALL_IND                      2
?DEALLOC_XSTACK8              27
?FILLER_BYTES            223 950
  + common                   134
?FUNC_ENTER_XDATA            102
?FUNC_LEAVE_XDATA             64
?INTERRUPT_ENTER_XSP          95
?INTERRUPT_LEAVE_XSP          88
?L_ADD                        19
?L_ADD_TO_X                   19
?L_ADD_X                      19
?L_AND_TO_X                   19
?L_AND_X                      19
?L_EQ_X                       21
?L_MOV_TO_X                   15
?L_MOV_X                      15
?L_MUL                       128
?L_SUB                        20
?L_SUB_FROM_X                 20
?MOVE_LONG8_XDATA_IDATA       13
?MOVE_LONG8_XDATA_XDATA       33
?PUSH_XSTACK8_X               49
?PUSH_XSTACK_I                23
?SS_SHR                       16
?S_DIV_MOD                    89
?S_SHL                        19
?UL_GE_X                      31
?UL_GT                        16
?UL_GT_X                      16
?UL_SHR                       25
?US_SHR                       15
?XLOAD_R0123                  12
?XLOAD_R2345                  12
?XSTACK_DISP8                 10
?XSTACK_DISP8_RP              24
?XSTORE_R0123                 12
?cexit                         5
?cmain                       113
CSTARTUP                      18
  + common                     3
OSAL                         621                    2
OSAL_ClockBLE                252                   10
OSAL_Memory                  422                3 075
OSAL_PwrMgr                   90                    7
OSAL_Timers                  901                    6
OSAL_speedometer               1                    2                    1
VIRTUAL_REGISTERS                    15                           8
gap_configmgr                  4
  + shared                                                               4
gap_linkmgr                    4
  + shared                                                               4
gapbondmgr                     4
  + shared                                                               4
hal_aes
  + shared                                   3
hal_crc
  + shared                                   3
hal_dma                                      4     40
hal_flash
  + shared                                   1
hal_keys                                     3
  + shared                                  10
hal_sleep                     26             2
  + shared                    46             4
  + common
hal_startup                   11
hci                          245                    4
hci_data_PATCH               282
hci_event                  1 786                    9
hci_event_PATCH            1 055
hci_tl                                              4
ll                           225             5    446      2
  + shared                                   2                          16
ll_advEndCauses            2 499
ll_common                  5 704            10                           4
  + shared                                   1                          12
ll_constData                   8
ll_enc                     2 573                   44                   32
ll_errorEndCauses              9
ll_halt                        7      2
ll_isr                       760
  + shared                   134            10
  + common
ll_math                       81      6
ll_scheduler               3 845                  483                   24
ll_slaveEndCauses          4 676                                         4
ll_sleep                       4             1
  + shared                                                               4
ll_timer2                  1 034             8
ll_timerDrift                293                                        26
main                           7
oad_target
  + shared                                   2
osal_bufmgr                  239                    2
osal_snv                       4
  + shared                                                               4
phy                          648
N/A (command line)                    8           640    192
N/A (alignment)
----------               -------     --     --  -----    ---      -    ---
Total:                   253 770     31     69  4 774    194      8    139
  + common                   134


                ****************************************
                *                                      *
                *      SEGMENTS IN ADDRESS ORDER       *
                *                                      *
                ****************************************


SEGMENT              SPACE    START ADDRESS   END ADDRESS     SIZE  TYPE  ALIGN
=======              =====    =============   ===========     ====  ====  =====
INTVEC               CODE          00000830 - 000008B5          86   com    0
BDATA_ID             CODE               000008B6                     dse    0
BIT_ID               CODE               000008B6                     dse    0
DATA_ID              CODE               000008B6                     dse    0
PDATA_ID             CODE               000008B6                     dse    0
IXDATA_ID            CODE               000008B6                     dse    0
IDATA_ID             CODE               000008B6                     dse    0
XDATA_ID             CODE          000008B6 - 000008CF          1A   rel    0
CSTART               CODE          000008D0 - 00000980          B1   rel    0
RCODE                CODE          00000981 - 00000EB6         536   rel    0
DIFUNCT              CODE               00000EB7                     dse    0
?FILL1               CODE          00000EB7 - 00000EB7           1   rel    0
NEAR_CODE            CODE          00000EB8 - 0000194A         A93   rel    2
BANK_RELAYS          CODE          0000194B - 00001CB0         366   rel    0
?FILL2               CODE          00001CB1 - 00001CB3           3   rel    0
CODE_C               CODE          00001CB4 - 00001CBB           8   rel    2
<BANKED_CODE> 1      CODE          00001CBC - 00007CAB        5FF0   rel    0
?FILL3               CODE          00007CAC - 00007FFF         354   rel    0
<XDATA_ROM_C_FLASH> 1
                     CODE          00008000 - 0000808A          8B   rel    2
?FILL4               CODE          0000808B - 0000FFFF        7F75   rel    0
?FILL5               CODE          00010000 - 00017FFF        8000   rel    0
?FILL6               CODE          00018000 - 0001FFFF        8000   rel    0
?FILL7               CODE          00020000 - 00027FFF        8000   rel    0
?FILL8               CODE          00028000 - 0002FFFF        8000   rel    0
?FILL9               CODE          00030000 - 00037FFF        8000   rel    0
?FILL10              CODE          00038000 - 0003E7FF        6800   rel    0
REGISTERS            DATA          00000000 - 00000007           8   rel    0
VREG                 DATA          00000008 - 00000014           D   rel    0
PSP                  DATA               00000015                     dse    0
XSP                  DATA          00000015 - 00000016           2   rel    0
DATA_I               DATA               00000017                     dse    0
DATA_Z               DATA          00000017 - 0000001E           8   rel    0
BREG                 BIT        00000020.0  -  00000020.7        8   rel    0
SFR_AN               DATA          00000080 - 00000080           1   rel    0
                     DATA          00000087 - 0000008A           4 
                     DATA          0000008C - 0000008D           2 
                     DATA          00000090 - 00000091           2 
                     DATA          00000094 - 00000097           4 
                     DATA          0000009A - 0000009C           3 
                     DATA          0000009E - 000000A9           C 
                     DATA          000000AB - 000000AF           5 
                     DATA          000000B3 - 000000B4           2 
                     DATA          000000B8 - 000000B9           2 
                     DATA          000000BC - 000000C0           5 
                     DATA          000000C3 - 000000C3           1 
                     DATA          000000C6 - 000000C7           2 
                     DATA          000000C9 - 000000C9           1 
                     DATA          000000D1 - 000000D7           7 
                     DATA          000000D9 - 000000DB           3 
                     DATA          000000E1 - 000000E5           5 
                     DATA          000000E9 - 000000E9           1 
                     DATA          000000F2 - 000000F5           4 
                     DATA          000000FD - 000000FF           3 
XSTACK               XDATA         00000000 - 0000027F         280   rel    0
XDATA_Z              XDATA         00000280 - 0000128B        100C   rel    0
XDATA_I              XDATA         0000128C - 000012A5          1A   rel    0
<XDATA_ROM_C> 1      CONST         00008000 - 0000808A          8B   rel    2
IDATA_I              IDATA              0000001F                     dse    0
IDATA_Z              IDATA         00000021 - 00000022           2   rel    0
ISTACK               IDATA         00000040 - 000000FF          C0   rel    0

                ****************************************
                *                                      *
                *        END OF CROSS REFERENCE        *
                *                                      *
                ****************************************

 29 955 bytes of CODE  memory (+             223 949 range fill )
     31 bytes of DATA  memory (+ 69 absolute )
  4 774 bytes of XDATA memory
    194 bytes of IDATA memory
      8 bits  of BIT   memory
    139 bytes of CONST memory

Errors: none
Warnings: none

